Archive member included to satisfy reference by file (symbol)

d:/atmel stduio/avr/bin/../lib/gcc/avr/5.4.0/avr5/memx-const\libgcc.a(_tablejump2.o)
                              ADC_program.o (__tablejump2__)
d:/atmel stduio/avr/bin/../lib/gcc/avr/5.4.0/avr5/memx-const\libgcc.a(_copy_data.o)
                              ADC_program.o (__do_clear_bss)
d:/atmel stduio/avr/bin/../lib/gcc/avr/5.4.0/avr5/memx-const\libgcc.a(_umulhisi3.o)
                              main.o (__umulhisi3)
d:/atmel stduio/avr/bin/../lib/gcc/avr/5.4.0/../../../../avr/lib/avr5/memx-const\libc.a(exit.o)
                              D:/atmel stduio/7.0/Packs/atmel/ATmega_DFP/1.7.374/xc8/avr/lib/avr5/memx-const/crtatmega32.o (exit)
d:/atmel stduio/avr/bin/../lib/gcc/avr/5.4.0/../../../../avr/lib/avr5/memx-const\libc.a(_Exit.o)
                              d:/atmel stduio/avr/bin/../lib/gcc/avr/5.4.0/../../../../avr/lib/avr5/memx-const\libc.a(exit.o) (_Exit)
d:/atmel stduio/avr/bin/../lib/gcc/avr/5.4.0/avr5/memx-const\libgcc.a(_exit.o)
                              d:/atmel stduio/avr/bin/../lib/gcc/avr/5.4.0/../../../../avr/lib/avr5/memx-const\libc.a(_Exit.o) (_exit)

Discarded input sections

 .data          0x0000000000000000        0x0 D:/atmel stduio/7.0/Packs/atmel/ATmega_DFP/1.7.374/xc8/avr/lib/avr5/memx-const/crtatmega32.o
 .bss           0x0000000000000000        0x0 D:/atmel stduio/7.0/Packs/atmel/ATmega_DFP/1.7.374/xc8/avr/lib/avr5/memx-const/crtatmega32.o
 .text          0x0000000000000000        0x0 ADC_program.o
 .data          0x0000000000000000        0x0 ADC_program.o
 .bss           0x0000000000000000        0x0 ADC_program.o
 .text.ADC_voidDisable
                0x0000000000000000        0x8 ADC_program.o
 .text.ADC_voidEnableInterrupt
                0x0000000000000000        0x8 ADC_program.o
 .text.ADC_voidDisableInterrupt
                0x0000000000000000        0x8 ADC_program.o
 .text.ADC_voidSetCallBack
                0x0000000000000000        0xa ADC_program.o
 .text          0x0000000000000000        0x0 DIO_program.o
 .data          0x0000000000000000        0x0 DIO_program.o
 .bss           0x0000000000000000        0x0 DIO_program.o
 .text.DIO_u8GetPinValue
                0x0000000000000000       0x6c DIO_program.o
 .text.DIO_u8GetPortValue
                0x0000000000000000       0x2c DIO_program.o
 .text          0x0000000000000000        0x0 LCD_program.o
 .data          0x0000000000000000        0x0 LCD_program.o
 .bss           0x0000000000000000        0x0 LCD_program.o
 .text.LCD_voidWriteChar4bit
                0x0000000000000000       0xa6 LCD_program.o
 .text.LCD_voidSendCMD4bit
                0x0000000000000000       0xa6 LCD_program.o
 .text.LCD_voidInit4bit
                0x0000000000000000       0x3e LCD_program.o
 .text.LCD_voidWriteNumber
                0x0000000000000000       0x64 LCD_program.o
 .text.LCD_voidWriteCustomChar
                0x0000000000000000       0x32 LCD_program.o
 .text          0x0000000000000000        0x0 main.o
 .data          0x0000000000000000        0x0 main.o
 .bss           0x0000000000000000        0x0 main.o
 .text.readValues
                0x0000000000000000       0x34 main.o
 .text          0x0000000000000000        0x0 d:/atmel stduio/avr/bin/../lib/gcc/avr/5.4.0/avr5/memx-const\libgcc.a(_tablejump2.o)
 .data          0x0000000000000000        0x0 d:/atmel stduio/avr/bin/../lib/gcc/avr/5.4.0/avr5/memx-const\libgcc.a(_tablejump2.o)
 .bss           0x0000000000000000        0x0 d:/atmel stduio/avr/bin/../lib/gcc/avr/5.4.0/avr5/memx-const\libgcc.a(_tablejump2.o)
 .text.libgcc.mul
                0x0000000000000000        0x0 d:/atmel stduio/avr/bin/../lib/gcc/avr/5.4.0/avr5/memx-const\libgcc.a(_tablejump2.o)
 .text.libgcc.div
                0x0000000000000000        0x0 d:/atmel stduio/avr/bin/../lib/gcc/avr/5.4.0/avr5/memx-const\libgcc.a(_tablejump2.o)
 .text.libgcc.prologue
                0x0000000000000000        0x0 d:/atmel stduio/avr/bin/../lib/gcc/avr/5.4.0/avr5/memx-const\libgcc.a(_tablejump2.o)
 .stack.descriptors
                0x0000000000000000       0x1c d:/atmel stduio/avr/bin/../lib/gcc/avr/5.4.0/avr5/memx-const\libgcc.a(_tablejump2.o)
 .text.libgcc.builtins
                0x0000000000000000        0x0 d:/atmel stduio/avr/bin/../lib/gcc/avr/5.4.0/avr5/memx-const\libgcc.a(_tablejump2.o)
 .text.libgcc.fmul
                0x0000000000000000        0x0 d:/atmel stduio/avr/bin/../lib/gcc/avr/5.4.0/avr5/memx-const\libgcc.a(_tablejump2.o)
 .text.libgcc.fixed
                0x0000000000000000        0x0 d:/atmel stduio/avr/bin/../lib/gcc/avr/5.4.0/avr5/memx-const\libgcc.a(_tablejump2.o)
 .text          0x0000000000000000        0x0 d:/atmel stduio/avr/bin/../lib/gcc/avr/5.4.0/avr5/memx-const\libgcc.a(_copy_data.o)
 .data          0x0000000000000000        0x0 d:/atmel stduio/avr/bin/../lib/gcc/avr/5.4.0/avr5/memx-const\libgcc.a(_copy_data.o)
 .bss           0x0000000000000000        0x0 d:/atmel stduio/avr/bin/../lib/gcc/avr/5.4.0/avr5/memx-const\libgcc.a(_copy_data.o)
 .text.libgcc.mul
                0x0000000000000000        0x0 d:/atmel stduio/avr/bin/../lib/gcc/avr/5.4.0/avr5/memx-const\libgcc.a(_copy_data.o)
 .text.libgcc.div
                0x0000000000000000        0x0 d:/atmel stduio/avr/bin/../lib/gcc/avr/5.4.0/avr5/memx-const\libgcc.a(_copy_data.o)
 .text.libgcc   0x0000000000000000        0x0 d:/atmel stduio/avr/bin/../lib/gcc/avr/5.4.0/avr5/memx-const\libgcc.a(_copy_data.o)
 .text.libgcc.prologue
                0x0000000000000000        0x0 d:/atmel stduio/avr/bin/../lib/gcc/avr/5.4.0/avr5/memx-const\libgcc.a(_copy_data.o)
 .text.libgcc.builtins
                0x0000000000000000        0x0 d:/atmel stduio/avr/bin/../lib/gcc/avr/5.4.0/avr5/memx-const\libgcc.a(_copy_data.o)
 .text.libgcc.fmul
                0x0000000000000000        0x0 d:/atmel stduio/avr/bin/../lib/gcc/avr/5.4.0/avr5/memx-const\libgcc.a(_copy_data.o)
 .text.libgcc.fixed
                0x0000000000000000        0x0 d:/atmel stduio/avr/bin/../lib/gcc/avr/5.4.0/avr5/memx-const\libgcc.a(_copy_data.o)
 .text          0x0000000000000000        0x0 d:/atmel stduio/avr/bin/../lib/gcc/avr/5.4.0/avr5/memx-const\libgcc.a(_umulhisi3.o)
 .data          0x0000000000000000        0x0 d:/atmel stduio/avr/bin/../lib/gcc/avr/5.4.0/avr5/memx-const\libgcc.a(_umulhisi3.o)
 .bss           0x0000000000000000        0x0 d:/atmel stduio/avr/bin/../lib/gcc/avr/5.4.0/avr5/memx-const\libgcc.a(_umulhisi3.o)
 .stack.descriptors
                0x0000000000000000       0x19 d:/atmel stduio/avr/bin/../lib/gcc/avr/5.4.0/avr5/memx-const\libgcc.a(_umulhisi3.o)
 .text.libgcc.div
                0x0000000000000000        0x0 d:/atmel stduio/avr/bin/../lib/gcc/avr/5.4.0/avr5/memx-const\libgcc.a(_umulhisi3.o)
 .text.libgcc   0x0000000000000000        0x0 d:/atmel stduio/avr/bin/../lib/gcc/avr/5.4.0/avr5/memx-const\libgcc.a(_umulhisi3.o)
 .text.libgcc.prologue
                0x0000000000000000        0x0 d:/atmel stduio/avr/bin/../lib/gcc/avr/5.4.0/avr5/memx-const\libgcc.a(_umulhisi3.o)
 .text.libgcc.builtins
                0x0000000000000000        0x0 d:/atmel stduio/avr/bin/../lib/gcc/avr/5.4.0/avr5/memx-const\libgcc.a(_umulhisi3.o)
 .text.libgcc.fmul
                0x0000000000000000        0x0 d:/atmel stduio/avr/bin/../lib/gcc/avr/5.4.0/avr5/memx-const\libgcc.a(_umulhisi3.o)
 .text.libgcc.fixed
                0x0000000000000000        0x0 d:/atmel stduio/avr/bin/../lib/gcc/avr/5.4.0/avr5/memx-const\libgcc.a(_umulhisi3.o)
 .text          0x0000000000000000        0x0 d:/atmel stduio/avr/bin/../lib/gcc/avr/5.4.0/../../../../avr/lib/avr5/memx-const\libc.a(exit.o)
 .data          0x0000000000000000        0x0 d:/atmel stduio/avr/bin/../lib/gcc/avr/5.4.0/../../../../avr/lib/avr5/memx-const\libc.a(exit.o)
 .bss           0x0000000000000000        0x0 d:/atmel stduio/avr/bin/../lib/gcc/avr/5.4.0/../../../../avr/lib/avr5/memx-const\libc.a(exit.o)
 .text          0x0000000000000000        0x0 d:/atmel stduio/avr/bin/../lib/gcc/avr/5.4.0/../../../../avr/lib/avr5/memx-const\libc.a(_Exit.o)
 .data          0x0000000000000000        0x0 d:/atmel stduio/avr/bin/../lib/gcc/avr/5.4.0/../../../../avr/lib/avr5/memx-const\libc.a(_Exit.o)
 .bss           0x0000000000000000        0x0 d:/atmel stduio/avr/bin/../lib/gcc/avr/5.4.0/../../../../avr/lib/avr5/memx-const\libc.a(_Exit.o)
 .text          0x0000000000000000        0x0 d:/atmel stduio/avr/bin/../lib/gcc/avr/5.4.0/avr5/memx-const\libgcc.a(_exit.o)
 .data          0x0000000000000000        0x0 d:/atmel stduio/avr/bin/../lib/gcc/avr/5.4.0/avr5/memx-const\libgcc.a(_exit.o)
 .bss           0x0000000000000000        0x0 d:/atmel stduio/avr/bin/../lib/gcc/avr/5.4.0/avr5/memx-const\libgcc.a(_exit.o)
 .text.libgcc.mul
                0x0000000000000000        0x0 d:/atmel stduio/avr/bin/../lib/gcc/avr/5.4.0/avr5/memx-const\libgcc.a(_exit.o)
 .text.libgcc.div
                0x0000000000000000        0x0 d:/atmel stduio/avr/bin/../lib/gcc/avr/5.4.0/avr5/memx-const\libgcc.a(_exit.o)
 .text.libgcc   0x0000000000000000        0x0 d:/atmel stduio/avr/bin/../lib/gcc/avr/5.4.0/avr5/memx-const\libgcc.a(_exit.o)
 .text.libgcc.prologue
                0x0000000000000000        0x0 d:/atmel stduio/avr/bin/../lib/gcc/avr/5.4.0/avr5/memx-const\libgcc.a(_exit.o)
 .stack.descriptors
                0x0000000000000000       0x13 d:/atmel stduio/avr/bin/../lib/gcc/avr/5.4.0/avr5/memx-const\libgcc.a(_exit.o)
 .text.libgcc.builtins
                0x0000000000000000        0x0 d:/atmel stduio/avr/bin/../lib/gcc/avr/5.4.0/avr5/memx-const\libgcc.a(_exit.o)
 .text.libgcc.fmul
                0x0000000000000000        0x0 d:/atmel stduio/avr/bin/../lib/gcc/avr/5.4.0/avr5/memx-const\libgcc.a(_exit.o)
 .text.libgcc.fixed
                0x0000000000000000        0x0 d:/atmel stduio/avr/bin/../lib/gcc/avr/5.4.0/avr5/memx-const\libgcc.a(_exit.o)

Memory Configuration

Name             Origin             Length             Attributes
text             0x0000000000000000 0x0000000000008000 xr
data             0x0000000000800060 0x0000000000000800 rw !x
eeprom           0x0000000000810000 0x0000000000000400 rw !x
fuse             0x0000000000820000 0x0000000000000002 rw !x
lock             0x0000000000830000 0x0000000000000400 rw !x
signature        0x0000000000840000 0x0000000000000400 rw !x
user_signatures  0x0000000000850000 0x0000000000000400 rw !x
*default*        0x0000000000000000 0xffffffffffffffff

Linker script and memory map

LOAD D:/atmel stduio/7.0/Packs/atmel/ATmega_DFP/1.7.374/xc8/avr/lib/avr5/memx-const/crtatmega32.o
LOAD ADC_program.o
LOAD DIO_program.o
LOAD LCD_program.o
LOAD main.o
START GROUP
LOAD d:/atmel stduio/avr/bin/../lib/gcc/avr/5.4.0/../../../../avr/lib/avr5/memx-const\libm.a
END GROUP
START GROUP
LOAD d:/atmel stduio/avr/bin/../lib/gcc/avr/5.4.0/avr5/memx-const\libgcc.a
LOAD d:/atmel stduio/avr/bin/../lib/gcc/avr/5.4.0/../../../../avr/lib/avr5/memx-const\libm.a
LOAD d:/atmel stduio/avr/bin/../lib/gcc/avr/5.4.0/../../../../avr/lib/avr5/memx-const\libc.a
LOAD D:/atmel stduio/7.0/Packs/atmel/ATmega_DFP/1.7.374/xc8/avr/lib/avr5/memx-const\libatmega32.a
END GROUP
                0x0000000000000000                __TEXT_REGION_ORIGIN__ = DEFINED (__TEXT_REGION_ORIGIN__)?__TEXT_REGION_ORIGIN__:0x0
                [0x0000000000800060]                __DATA_REGION_ORIGIN__ = DEFINED (__DATA_REGION_ORIGIN__)?__DATA_REGION_ORIGIN__:0x800060
                [0x0000000000008000]                __TEXT_REGION_LENGTH__ = DEFINED (__TEXT_REGION_LENGTH__)?__TEXT_REGION_LENGTH__:0x20000
                [0x0000000000000800]                __DATA_REGION_LENGTH__ = DEFINED (__DATA_REGION_LENGTH__)?__DATA_REGION_LENGTH__:0xffa0
                [0x0000000000000400]                __EEPROM_REGION_LENGTH__ = DEFINED (__EEPROM_REGION_LENGTH__)?__EEPROM_REGION_LENGTH__:0x10000
                [0x0000000000000002]                __FUSE_REGION_LENGTH__ = DEFINED (__FUSE_REGION_LENGTH__)?__FUSE_REGION_LENGTH__:0x400
                0x0000000000000400                __LOCK_REGION_LENGTH__ = DEFINED (__LOCK_REGION_LENGTH__)?__LOCK_REGION_LENGTH__:0x400
                0x0000000000000400                __SIGNATURE_REGION_LENGTH__ = DEFINED (__SIGNATURE_REGION_LENGTH__)?__SIGNATURE_REGION_LENGTH__:0x400
                0x0000000000000400                __USER_SIGNATURE_REGION_LENGTH__ = DEFINED (__USER_SIGNATURE_REGION_LENGTH__)?__USER_SIGNATURE_REGION_LENGTH__:0x400

.hash
 *(.hash)

.dynsym
 *(.dynsym)

.dynstr
 *(.dynstr)

.gnu.version
 *(.gnu.version)

.gnu.version_d
 *(.gnu.version_d)

.gnu.version_r
 *(.gnu.version_r)

.rel.init
 *(.rel.init)

.rela.init
 *(.rela.init)

.rel.text
 *(.rel.text)
 *(.rel.text.*)
 *(.rel.gnu.linkonce.t*)

.rela.text
 *(.rela.text)
 *(.rela.text.*)
 *(.rela.gnu.linkonce.t*)

.rel.fini
 *(.rel.fini)

.rela.fini
 *(.rela.fini)

.rel.rodata
 *(.rel.rodata)
 *(.rel.rodata.*)
 *(.rel.gnu.linkonce.r*)

.rela.rodata
 *(.rela.rodata)
 *(.rela.rodata.*)
 *(.rela.gnu.linkonce.r*)

.rel.data
 *(.rel.data)
 *(.rel.data.*)
 *(.rel.gnu.linkonce.d*)

.rela.data
 *(.rela.data)
 *(.rela.data.*)
 *(.rela.gnu.linkonce.d*)

.rel.ctors
 *(.rel.ctors)

.rela.ctors
 *(.rela.ctors)

.rel.dtors
 *(.rel.dtors)

.rela.dtors
 *(.rela.dtors)

.rel.got
 *(.rel.got)

.rela.got
 *(.rela.got)

.rel.bss
 *(.rel.bss)

.rela.bss
 *(.rela.bss)

.rel.plt
 *(.rel.plt)

.rela.plt
 *(.rela.plt)

.text           0x0000000000000000       0xbe
 *(.vectors)
 .vectors       0x0000000000000000       0x54 D:/atmel stduio/7.0/Packs/atmel/ATmega_DFP/1.7.374/xc8/avr/lib/avr5/memx-const/crtatmega32.o
                0x0000000000000000                __vector_default
                0x0000000000000000                __vectors
 *(.vectors)
 *(.progmem.gcc*)
 .progmem.gcc_sw_table.ADC_voidSetChannel
                0x0000000000000054       0x10 ADC_program.o
 *(.dinit)
 .dinit         0x0000000000000064        0x5 data_init
                0x000000000000006a                . = ALIGN (0x2)
 *fill*         0x0000000000000069        0x1 
                0x000000000000006a                __trampolines_start = .
 *(.trampolines)
 .trampolines   0x000000000000006a        0x0 linker stubs
 *(.trampolines*)
                0x000000000000006a                __trampolines_end = .
 *libprintf_flt.a:*(.progmem.data)
 *libc.a:*(.progmem.data)
                0x000000000000006a                . = ALIGN (0x2)
 *(.jumptables)
 *(.jumptables*)
 *(.lowtext)
 *(.lowtext*)
                0x000000000000006a                __ctors_start = .
 *(.ctors)
                0x000000000000006a                __ctors_end = .
                0x000000000000006a                __dtors_start = .
 *(.dtors)
                0x000000000000006a                __dtors_end = .
 SORT(*)(.ctors)
 SORT(*)(.dtors)
 *(.init0)
 .init0         0x000000000000006a        0x0 D:/atmel stduio/7.0/Packs/atmel/ATmega_DFP/1.7.374/xc8/avr/lib/avr5/memx-const/crtatmega32.o
                0x000000000000006a                __init
 *(.init0)
 *(.init1)
 *(.init1)
 *(.init2)
 .init2         0x000000000000006a        0xc D:/atmel stduio/7.0/Packs/atmel/ATmega_DFP/1.7.374/xc8/avr/lib/avr5/memx-const/crtatmega32.o
 *(.init2)
 *(.init3)
 *(.init3)
 *(.init4)
 .init4         0x0000000000000076       0x3c d:/atmel stduio/avr/bin/../lib/gcc/avr/5.4.0/avr5/memx-const\libgcc.a(_copy_data.o)
                0x0000000000000076                __do_copy_data
                0x00000000000000a4                __do_clear_bss
 *(.init4)
 *(.init5)
 *(.init5)
 *(.init6)
 *(.init6)
 *(.init7)
 *(.init7)
 *(.init8)
 *(.init8)
 *(.init9)
 .init9         0x00000000000000b2        0x8 D:/atmel stduio/7.0/Packs/atmel/ATmega_DFP/1.7.374/xc8/avr/lib/avr5/memx-const/crtatmega32.o
 *(.init9)
                0x00000000000000ba                . = ALIGN (0x2)
 *(.fini9)
 .fini9         0x00000000000000ba        0x0 d:/atmel stduio/avr/bin/../lib/gcc/avr/5.4.0/avr5/memx-const\libgcc.a(_exit.o)
                0x00000000000000ba                _exit
 *(.fini9)
 *(.fini8)
 *(.fini8)
 *(.fini7)
 *(.fini7)
 *(.fini6)
 *(.fini6)
 *(.fini5)
 *(.fini5)
 *(.fini4)
 *(.fini4)
 *(.fini3)
 *(.fini3)
 *(.fini2)
 *(.fini2)
 *(.fini1)
 *(.fini1)
 *(.fini0)
 .fini0         0x00000000000000ba        0x4 d:/atmel stduio/avr/bin/../lib/gcc/avr/5.4.0/avr5/memx-const\libgcc.a(_exit.o)
 *(.fini0)
                0x00000000000000be                _etext = .

.data           0x0000000000800060        0x0 load address 0x00000000000000be
                [!provide]                        PROVIDE (__data_start, .)
 *(.gnu.linkonce.d*)
 *(.gnu.linkonce.r*)
                0x0000000000800060                . = ALIGN (0x2)
                0x0000000000800060                _edata = .
                [!provide]                        PROVIDE (__data_end, .)

.bss            0x0000000000800060        0x0
                [!provide]                        PROVIDE (__bss_start, .)
 *(COMMON)
                [!provide]                        PROVIDE (__bss_end, .)
                0x00000000000000be                __data_load_start = LOADADDR (.data)
                0x00000000000000be                __data_load_end = (__data_load_start + SIZEOF (.data))

.noinit         0x0000000000800060        0x0
                [!provide]                        PROVIDE (__noinit_start, .)
 *(.noinit*)
                [!provide]                        PROVIDE (__noinit_end, .)
                0x0000000000800060                _end = .

.eeprom         0x0000000000810000        0x0
 *(.eeprom*)
                0x0000000000810000                __eeprom_end = .

.fuse
 *(.fuse)
 *(.lfuse)
 *(.hfuse)
 *(.efuse)

.lock
 *(.lock*)

.signature
 *(.signature*)

.user_signatures
 *(.user_signatures*)

.stab
 *(.stab)

.stabstr
 *(.stabstr)

.stab.excl
 *(.stab.excl)

.stab.exclstr
 *(.stab.exclstr)

.stab.index
 *(.stab.index)

.stab.indexstr
 *(.stab.indexstr)

.comment        0x0000000000000000       0x2f
 *(.comment)
 .comment       0x0000000000000000       0x2f ADC_program.o
                                         0x30 (size before relaxing)
 .comment       0x000000000000002f       0x30 DIO_program.o
 .comment       0x000000000000002f       0x30 LCD_program.o
 .comment       0x000000000000002f       0x30 main.o
 .comment       0x000000000000002f       0x30 d:/atmel stduio/avr/bin/../lib/gcc/avr/5.4.0/../../../../avr/lib/avr5/memx-const\libc.a(exit.o)
 .comment       0x000000000000002f       0x30 d:/atmel stduio/avr/bin/../lib/gcc/avr/5.4.0/../../../../avr/lib/avr5/memx-const\libc.a(_Exit.o)

.stack.descriptors.hdr
                0x0000000000000000       0x2a
 .stack.descriptors.hdr
                0x0000000000000000        0xe d:/atmel stduio/avr/bin/../lib/gcc/avr/5.4.0/avr5/memx-const\libgcc.a(_tablejump2.o)
 .stack.descriptors.hdr
                0x000000000000000e        0xe d:/atmel stduio/avr/bin/../lib/gcc/avr/5.4.0/avr5/memx-const\libgcc.a(_umulhisi3.o)
 .stack.descriptors.hdr
                0x000000000000001c        0xe d:/atmel stduio/avr/bin/../lib/gcc/avr/5.4.0/avr5/memx-const\libgcc.a(_exit.o)

.note.GNU-stack
                0x0000000000000000        0x0
 .note.GNU-stack
                0x0000000000000000        0x0 d:/atmel stduio/avr/bin/../lib/gcc/avr/5.4.0/../../../../avr/lib/avr5/memx-const\libc.a(exit.o)
 .note.GNU-stack
                0x0000000000000000        0x0 d:/atmel stduio/avr/bin/../lib/gcc/avr/5.4.0/../../../../avr/lib/avr5/memx-const\libc.a(_Exit.o)

.note.gnu.build-id
 *(.note.gnu.build-id)

.debug
 *(.debug)

.line
 *(.line)

.debug_srcinfo
 *(.debug_srcinfo)

.debug_sfnames
 *(.debug_sfnames)

.debug_aranges  0x0000000000000000      0x140
 *(.debug_aranges)
 .debug_aranges
                0x0000000000000000       0x60 ADC_program.o
 .debug_aranges
                0x0000000000000060       0x48 DIO_program.o
 .debug_aranges
                0x00000000000000a8       0x70 LCD_program.o
 .debug_aranges
                0x0000000000000118       0x28 main.o

.debug_pubnames
 *(.debug_pubnames)

.debug_info     0x0000000000000000     0x2694
 *(.debug_info .gnu.linkonce.wi.*)
 .debug_info    0x0000000000000000      0x4e6 D:/atmel stduio/7.0/Packs/atmel/ATmega_DFP/1.7.374/xc8/avr/lib/avr5/memx-const/crtatmega32.o
 .debug_info    0x00000000000004e6      0x3ee ADC_program.o
 .debug_info    0x00000000000008d4      0x43d DIO_program.o
 .debug_info    0x0000000000000d11      0xea6 LCD_program.o
 .debug_info    0x0000000000001bb7      0xadd main.o

.debug_abbrev   0x0000000000000000      0x8e2
 *(.debug_abbrev)
 .debug_abbrev  0x0000000000000000      0x4a3 D:/atmel stduio/7.0/Packs/atmel/ATmega_DFP/1.7.374/xc8/avr/lib/avr5/memx-const/crtatmega32.o
 .debug_abbrev  0x00000000000004a3       0xcf ADC_program.o
 .debug_abbrev  0x0000000000000572       0xba DIO_program.o
 .debug_abbrev  0x000000000000062c      0x160 LCD_program.o
 .debug_abbrev  0x000000000000078c      0x156 main.o

.debug_line     0x0000000000000000      0xdba
 *(.debug_line .debug_line.* .debug_line_end)
 .debug_line    0x0000000000000000      0x119 D:/atmel stduio/7.0/Packs/atmel/ATmega_DFP/1.7.374/xc8/avr/lib/avr5/memx-const/crtatmega32.o
 .debug_line    0x0000000000000119      0x26d ADC_program.o
 .debug_line    0x0000000000000386      0x22f DIO_program.o
 .debug_line    0x00000000000005b5      0x3da LCD_program.o
 .debug_line    0x000000000000098f      0x42b main.o

.debug_frame    0x0000000000000000      0x2b4
 *(.debug_frame)
 .debug_frame   0x0000000000000000       0xec ADC_program.o
 .debug_frame   0x00000000000000ec       0x74 DIO_program.o
 .debug_frame   0x0000000000000160      0x120 LCD_program.o
 .debug_frame   0x0000000000000280       0x34 main.o

.debug_str      0x0000000000000000      0x299
 *(.debug_str)
 .debug_str     0x0000000000000000      0x196 D:/atmel stduio/7.0/Packs/atmel/ATmega_DFP/1.7.374/xc8/avr/lib/avr5/memx-const/crtatmega32.o
 .debug_str     0x0000000000000196        0x0 ADC_program.o
 .debug_str     0x0000000000000196       0x11 DIO_program.o
 .debug_str     0x00000000000001a7       0x3c LCD_program.o
 .debug_str     0x00000000000001e3       0xb6 main.o

.debug_loc      0x0000000000000000     0x12e2
 *(.debug_loc)
 .debug_loc     0x0000000000000000      0x19b ADC_program.o
 .debug_loc     0x000000000000019b      0x3f0 DIO_program.o
 .debug_loc     0x000000000000058b      0x8d3 LCD_program.o
 .debug_loc     0x0000000000000e5e      0x484 main.o

.debug_macinfo
 *(.debug_macinfo)

.debug_weaknames
 *(.debug_weaknames)

.debug_funcnames
 *(.debug_funcnames)

.debug_typenames
 *(.debug_typenames)

.debug_varnames
 *(.debug_varnames)

.debug_pubtypes
 *(.debug_pubtypes)

.debug_ranges   0x0000000000000000      0x100
 *(.debug_ranges)
 .debug_ranges  0x0000000000000000       0x50 ADC_program.o
 .debug_ranges  0x0000000000000050       0x38 DIO_program.o
 .debug_ranges  0x0000000000000088       0x60 LCD_program.o
 .debug_ranges  0x00000000000000e8       0x18 main.o

.debug_macro
 *(.debug_macro)
OUTPUT(glove.elf elf32-avr)
LOAD linker stubs
LOAD data_init

.note.gnu.avr.deviceinfo
                0x0000000000000000       0x3c
 .note.gnu.avr.deviceinfo
                0x0000000000000000       0x3c D:/atmel stduio/7.0/Packs/atmel/ATmega_DFP/1.7.374/xc8/avr/lib/avr5/memx-const/crtatmega32.o

.bss.ADC_CallBack
                0x0000000000800060        0x2
 .bss.ADC_CallBack
                0x0000000000800060        0x2 ADC_program.o

.progmemx.data  0x00000000000000be       0x44
 .progmemx.data
                0x00000000000000be       0x44 main.o

.text.main      0x0000000000000102      0x3e6
 .text.main     0x0000000000000102      0x3e6 main.o
                0x0000000000000102                main

.text.ADC_voidSetChannel
                0x00000000000004e8      0x114
 .text.ADC_voidSetChannel
                0x00000000000004e8      0x114 ADC_program.o
                0x00000000000004e8                ADC_voidSetChannel

.text.DIO_voidSetPinDirection
                0x00000000000005fc       0xec
 .text.DIO_voidSetPinDirection
                0x00000000000005fc       0xec DIO_program.o
                0x00000000000005fc                DIO_voidSetPinDirection

.text.DIO_voidSetPinValue
                0x00000000000006e8       0xec
 .text.DIO_voidSetPinValue
                0x00000000000006e8       0xec DIO_program.o
                0x00000000000006e8                DIO_voidSetPinValue

.text.LCD_voidWriteChar8bit
                0x00000000000007d4       0x50
 .text.LCD_voidWriteChar8bit
                0x00000000000007d4       0x50 LCD_program.o
                0x00000000000007d4                LCD_voidWriteChar8bit

.text.LCD_voidSendCMD8bit
                0x0000000000000824       0x50
 .text.LCD_voidSendCMD8bit
                0x0000000000000824       0x50 LCD_program.o
                0x0000000000000824                LCD_voidSendCMD8bit

.text.LCD_voidInit8bit
                0x0000000000000874       0x50
 .text.LCD_voidInit8bit
                0x0000000000000874       0x50 LCD_program.o
                0x0000000000000874                LCD_voidInit8bit

.text.__vector_16
                0x00000000000008c4       0x4e
 .text.__vector_16
                0x00000000000008c4       0x4e ADC_program.o
                0x00000000000008c4                __vector_16

.text.LCD_voidWriteString
                0x0000000000000912       0x42
 .text.LCD_voidWriteString
                0x0000000000000912       0x42 LCD_program.o
                0x0000000000000912                LCD_voidWriteString

.text.ADC_voidInit
                0x0000000000000954       0x32
 .text.ADC_voidInit
                0x0000000000000954       0x32 ADC_program.o
                0x0000000000000954                ADC_voidInit

.text.DIO_voidSetPortDirection
                0x0000000000000986       0x24
 .text.DIO_voidSetPortDirection
                0x0000000000000986       0x24 DIO_program.o
                0x0000000000000986                DIO_voidSetPortDirection

.text.DIO_voidSetPortValue
                0x00000000000009aa       0x24
 .text.DIO_voidSetPortValue
                0x00000000000009aa       0x24 DIO_program.o
                0x00000000000009aa                DIO_voidSetPortValue

.text.libgcc.mul
                0x00000000000009ce       0x1e
 .text.libgcc.mul
                0x00000000000009ce       0x1e d:/atmel stduio/avr/bin/../lib/gcc/avr/5.4.0/avr5/memx-const\libgcc.a(_umulhisi3.o)
                0x00000000000009ce                __umulhisi3

.text.LCD_voidGotoXY
                0x00000000000009ec       0x1c
 .text.LCD_voidGotoXY
                0x00000000000009ec       0x1c LCD_program.o
                0x00000000000009ec                LCD_voidGotoXY

.text.exit      0x0000000000000a08       0x16
 .text.exit     0x0000000000000a08       0x16 d:/atmel stduio/avr/bin/../lib/gcc/avr/5.4.0/../../../../avr/lib/avr5/memx-const\libc.a(exit.o)
                0x0000000000000a08                exit

.text.ADC_u16ReadValue
                0x0000000000000a1e       0x10
 .text.ADC_u16ReadValue
                0x0000000000000a1e       0x10 ADC_program.o
                0x0000000000000a1e                ADC_u16ReadValue

.text.libgcc    0x0000000000000a2e        0xc
 .text.libgcc   0x0000000000000a2e        0xc d:/atmel stduio/avr/bin/../lib/gcc/avr/5.4.0/avr5/memx-const\libgcc.a(_tablejump2.o)
                0x0000000000000a2e                __tablejump2__

.text.ADC_voidEnable
                0x0000000000000a3a        0x8
 .text.ADC_voidEnable
                0x0000000000000a3a        0x8 ADC_program.o
                0x0000000000000a3a                ADC_voidEnable

.text.LCD_voidLCDClear
                0x0000000000000a42        0x8
 .text.LCD_voidLCDClear
                0x0000000000000a42        0x8 LCD_program.o
                0x0000000000000a42                LCD_voidLCDClear

.text           0x0000000000000a4a        0x4
 .text          0x0000000000000a4a        0x4 D:/atmel stduio/7.0/Packs/atmel/ATmega_DFP/1.7.374/xc8/avr/lib/avr5/memx-const/crtatmega32.o
                0x0000000000000a4a                __vector_1
                0x0000000000000a4a                __vector_12
                0x0000000000000a4a                __bad_interrupt
                0x0000000000000a4a                __vector_6
                0x0000000000000a4a                __vector_3
                0x0000000000000a4a                __vector_11
                0x0000000000000a4a                __vector_13
                0x0000000000000a4a                __vector_17
                0x0000000000000a4a                __vector_19
                0x0000000000000a4a                __vector_7
                0x0000000000000a4a                __vector_5
                0x0000000000000a4a                __vector_4
                0x0000000000000a4a                __vector_9
                0x0000000000000a4a                __vector_2
                0x0000000000000a4a                __vector_15
                0x0000000000000a4a                __vector_8
                0x0000000000000a4a                __vector_14
                0x0000000000000a4a                __vector_10
                0x0000000000000a4a                __vector_18
                0x0000000000000a4a                __vector_20

.text._Exit     0x0000000000000a4e        0x4
 .text._Exit    0x0000000000000a4e        0x4 d:/atmel stduio/avr/bin/../lib/gcc/avr/5.4.0/../../../../avr/lib/avr5/memx-const\libc.a(_Exit.o)
                0x0000000000000a4e                _Exit

.text.__dummy_fini
                0x0000000000000a52        0x2
 .text.__dummy_fini
                0x0000000000000a52        0x2 d:/atmel stduio/avr/bin/../lib/gcc/avr/5.4.0/../../../../avr/lib/avr5/memx-const\libc.a(exit.o)
                0x0000000000000a52                _fini

.text.__dummy_funcs_on_exit
                0x0000000000000a54        0x2
 .text.__dummy_funcs_on_exit
                0x0000000000000a54        0x2 d:/atmel stduio/avr/bin/../lib/gcc/avr/5.4.0/../../../../avr/lib/avr5/memx-const\libc.a(exit.o)
                0x0000000000000a54                __funcs_on_exit

.text.__dummy_simulator_exit
                0x0000000000000a56        0x2
 .text.__dummy_simulator_exit
                0x0000000000000a56        0x2 d:/atmel stduio/avr/bin/../lib/gcc/avr/5.4.0/../../../../avr/lib/avr5/memx-const\libc.a(exit.o)
                0x0000000000000a56                __simulator_exit
